Traceback (most recent call last):
  File "/home/runner/micromamba/envs/healpix-cookbook-dev/lib/python3.13/site-packages/jupyter_core/utils/__init__.py", line 154, in wrapped
    asyncio.get_running_loop()
    ~~~~~~~~~~~~~~~~~~~~~~~~^^
RuntimeError: no running event loop

During handling of the above exception, another exception occurred:

Traceback (most recent call last):
  File "/home/runner/micromamba/envs/healpix-cookbook-dev/lib/python3.13/site-packages/jupyter_cache/executors/utils.py", line 58, in single_nb_execution
    executenb(
    ~~~~~~~~~^
        nb,
        ^^^
    ...<4 lines>...
        **kwargs,
        ^^^^^^^^^
    )
    ^
  File "/home/runner/micromamba/envs/healpix-cookbook-dev/lib/python3.13/site-packages/nbclient/client.py", line 1319, in execute
    return NotebookClient(nb=nb, resources=resources, km=km, **kwargs).execute()
           ~~~~~~~~~~~~~~~~~~~~~~~~~~~~~~~~~~~~~~~~~~~~~~~~~~~~~~~~~~~~~~~~~~~^^
  File "/home/runner/micromamba/envs/healpix-cookbook-dev/lib/python3.13/site-packages/jupyter_core/utils/__init__.py", line 158, in wrapped
    return loop.run_until_complete(inner)
           ~~~~~~~~~~~~~~~~~~~~~~~^^^^^^^
  File "/home/runner/micromamba/envs/healpix-cookbook-dev/lib/python3.13/asyncio/base_events.py", line 725, in run_until_complete
    return future.result()
           ~~~~~~~~~~~~~^^
  File "/home/runner/micromamba/envs/healpix-cookbook-dev/lib/python3.13/site-packages/nbclient/client.py", line 709, in async_execute
    await self.async_execute_cell(
        cell, index, execution_count=self.code_cells_executed + 1
    )
  File "/home/runner/micromamba/envs/healpix-cookbook-dev/lib/python3.13/site-packages/nbclient/client.py", line 1062, in async_execute_cell
    await self._check_raise_for_error(cell, cell_index, exec_reply)
  File "/home/runner/micromamba/envs/healpix-cookbook-dev/lib/python3.13/site-packages/nbclient/client.py", line 918, in _check_raise_for_error
    raise CellExecutionError.from_cell_and_msg(cell, exec_reply_content)
nbclient.exceptions.CellExecutionError: An error occurred while executing the following cell:
------------------
uxds = ux.UxDataset.from_healpix(ds)
uxds
------------------


[31m---------------------------------------------------------------------------[39m
[31mKeyError[39m                                  Traceback (most recent call last)
[36mCell[39m[36m [39m[32mIn[4][39m[32m, line 1[39m
[32m----> [39m[32m1[39m uxds = [43mux[49m[43m.[49m[43mUxDataset[49m[43m.[49m[43mfrom_healpix[49m[43m([49m[43mds[49m[43m)[49m
[32m      2[39m uxds

[36mFile [39m[32m~/micromamba/envs/healpix-cookbook-dev/lib/python3.13/site-packages/uxarray/core/dataset.py:328[39m, in [36mUxDataset.from_healpix[39m[34m(cls, ds, pixels_only, face_dim, **kwargs)[39m
[32m    321[39m [38;5;66;03m# Attach a HEALPix Grid[39;00m
[32m    322[39m uxgrid = Grid.from_healpix(
[32m    323[39m     zoom=get_zoom_from_cells(ds.sizes[face_dim]),
[32m    324[39m     pixels_only=pixels_only,
[32m    325[39m     **kwargs,
[32m    326[39m )
[32m--> [39m[32m328[39m [38;5;28;01mreturn[39;00m [38;5;28;43mcls[39;49m[43m.[49m[43mfrom_xarray[49m[43m([49m[43mds[49m[43m,[49m[43m [49m[43muxgrid[49m[43m,[49m[43m [49m[43m{[49m[43mface_dim[49m[43m:[49m[43m [49m[33;43m"[39;49m[33;43mn_face[39;49m[33;43m"[39;49m[43m}[49m[43m)[49m

[36mFile [39m[32m~/micromamba/envs/healpix-cookbook-dev/lib/python3.13/site-packages/uxarray/core/dataset.py:281[39m, in [36mUxDataset.from_xarray[39m[34m(cls, ds, uxgrid, ugrid_dims)[39m
[32m    278[39m     ugrid_dims = uxgrid._source_dims_dict
[32m    280[39m [38;5;66;03m# map each dimension to its UGRID equivalent[39;00m
[32m--> [39m[32m281[39m ds = [43m_map_dims_to_ugrid[49m[43m([49m[43mds[49m[43m,[49m[43m [49m[43mugrid_dims[49m[43m,[49m[43m [49m[43muxgrid[49m[43m)[49m
[32m    283[39m [38;5;28;01mreturn[39;00m [38;5;28mcls[39m(ds, uxgrid=uxgrid)

[36mFile [39m[32m~/micromamba/envs/healpix-cookbook-dev/lib/python3.13/site-packages/uxarray/core/utils.py:57[39m, in [36m_map_dims_to_ugrid[39m[34m(ds, _source_dims_dict, grid)[39m
[32m     55[39m [38;5;28;01mif[39;00m ds.sizes[dim] == grid.n_face:
[32m     56[39m     _source_dims_dict[dim] = [33m"[39m[33mn_face[39m[33m"[39m
[32m---> [39m[32m57[39m [38;5;28;01melif[39;00m ds.sizes[dim] == [43mgrid[49m[43m.[49m[43mn_node[49m:
[32m     58[39m     _source_dims_dict[dim] = [33m"[39m[33mn_node[39m[33m"[39m
[32m     59[39m [38;5;28;01melif[39;00m n_edge [38;5;129;01mis[39;00m [38;5;129;01mnot[39;00m [38;5;28;01mNone[39;00m:

[36mFile [39m[32m~/micromamba/envs/healpix-cookbook-dev/lib/python3.13/site-packages/uxarray/grid/grid.py:820[39m, in [36mGrid.n_node[39m[34m(self)[39m
[32m    817[39m [38;5;129m@property[39m
[32m    818[39m [38;5;28;01mdef[39;00m[38;5;250m [39m[34mn_node[39m([38;5;28mself[39m) -> [38;5;28mint[39m:
[32m    819[39m [38;5;250m    [39m[33;03m"""Total number of nodes."""[39;00m
[32m--> [39m[32m820[39m     [38;5;28;01mreturn[39;00m [38;5;28;43mself[39;49m[43m.[49m[43m_ds[49m[43m.[49m[43msizes[49m[43m[[49m[33;43m"[39;49m[33;43mn_node[39;49m[33;43m"[39;49m[43m][49m

[36mFile [39m[32m~/micromamba/envs/healpix-cookbook-dev/lib/python3.13/site-packages/xarray/core/utils.py:452[39m, in [36mFrozen.__getitem__[39m[34m(self, key)[39m
[32m    451[39m [38;5;28;01mdef[39;00m[38;5;250m [39m[34m__getitem__[39m([38;5;28mself[39m, key: K) -> V:
[32m--> [39m[32m452[39m     [38;5;28;01mreturn[39;00m [38;5;28;43mself[39;49m[43m.[49m[43mmapping[49m[43m[[49m[43mkey[49m[43m][49m

[31mKeyError[39m: 'n_node'

